<html>
<body>
<pre>
<h1>µVision Build Log</h1>
<h2>Project:</h2>
C:\Users\Yash\Desktop\EmbeddedCrypto\Hardware\LPC\UART_spNet\UART_spNet.uvproj
Project File Date:  05/29/2017

<h2>Output:</h2>
compiling main.c...
main.c(115): error:  #140: too many arguments in function call
main.c(54): warning:  #177-D: variable "temp1" was declared but never referenced
main.c(54): warning:  #177-D: variable "temp2" was declared but never referenced
main.c - 1 Error(s), 2 Warning(s).
compiling main.c...
main.c(114): error:  #140: too many arguments in function call
main.c - 1 Error(s), 0 Warning(s).
compiling main.c...
main.c(105): error:  #165: too few arguments in function call
main.c - 1 Error(s), 0 Warning(s).
compiling main.c...
main.c(106): error:  #140: too many arguments in function call
main.c - 1 Error(s), 0 Warning(s).
Rebuild target 'Target 1'
assembling Startup.s...
compiling main.c...
linking...
Program Size: Code=2400 RO-data=656 RW-data=0 ZI-data=1256  
"UART_spNet.axf" - 0 Error(s), 0 Warning(s).
Build target 'Target 1'
compiling main.c...
linking...
Program Size: Code=2400 RO-data=656 RW-data=0 ZI-data=1256  
"UART_spNet.axf" - 0 Error(s), 0 Warning(s).
Rebuild target 'Target 1'
assembling Startup.s...
compiling main.c...
linking...
Program Size: Code=2400 RO-data=656 RW-data=0 ZI-data=1256  
"UART_spNet.axf" - 0 Error(s), 0 Warning(s).
compiling main.c...
main.c - 0 Error(s), 0 Warning(s).
Rebuild target 'Target 1'
assembling Startup.s...
compiling main.c...
linking...
Program Size: Code=2416 RO-data=656 RW-data=0 ZI-data=1256  
"UART_spNet.axf" - 0 Error(s), 0 Warning(s).
Rebuild target 'Target 1'
assembling Startup.s...
compiling main.c...
linking...
Program Size: Code=2432 RO-data=656 RW-data=0 ZI-data=1256  
"UART_spNet.axf" - 0 Error(s), 0 Warning(s).
compiling main.c...
main.c - 0 Error(s), 0 Warning(s).
Build target 'Target 1'
linking...
Program Size: Code=2432 RO-data=656 RW-data=0 ZI-data=1256  
"UART_spNet.axf" - 0 Error(s), 0 Warning(s).
Build target 'Target 1'
linking...
Program Size: Code=2432 RO-data=656 RW-data=0 ZI-data=1256  
FromELF: creating hex file...
"UART_spNet.axf" - 0 Error(s), 0 Warning(s).
Rebuild target 'Target 1'
assembling Startup.s...
compiling main.c...
linking...
Program Size: Code=2432 RO-data=656 RW-data=0 ZI-data=1256  
FromELF: creating hex file...
"UART_spNet.axf" - 0 Error(s), 0 Warning(s).
compiling main.c...
main.c - 0 Error(s), 0 Warning(s).
Rebuild target 'Target 1'
assembling Startup.s...
compiling main.c...
linking...
Program Size: Code=2440 RO-data=656 RW-data=0 ZI-data=1256  
FromELF: creating hex file...
"UART_spNet.axf" - 0 Error(s), 0 Warning(s).
"LPC210x_ISP.EXE" "C:\Users\Yash\Desktop\EmbeddedCrypto\Hardware\LPC\UART_spNet\UART_spNet.HEX" 12000 LPC2129 COM1: 9600 1
--- Error: failed to execute '"LPC210x_ISP.EXE" "C:\Users\Yash\Desktop\EmbeddedCrypto\Hardware\LPC\UART_spNet\UART_spNet.HEX" 12000 LPC2129 COM1: 9600 1'
compiling main.c...
main.c - 0 Error(s), 0 Warning(s).
Build target 'Target 1'
linking...
Program Size: Code=2440 RO-data=656 RW-data=0 ZI-data=1256  
FromELF: creating hex file...
"UART_spNet.axf" - 0 Error(s), 0 Warning(s).
Rebuild target 'Target 1'
assembling Startup.s...
compiling main.c...
linking...
Program Size: Code=2440 RO-data=656 RW-data=0 ZI-data=1256  
FromELF: creating hex file...
"UART_spNet.axf" - 0 Error(s), 0 Warning(s).
compiling main.c...
main.c - 0 Error(s), 0 Warning(s).
Build target 'Target 1'
linking...
Program Size: Code=2432 RO-data=656 RW-data=0 ZI-data=1256  
FromELF: creating hex file...
"UART_spNet.axf" - 0 Error(s), 0 Warning(s).
Build target 'Target 1'
linking...
Program Size: Code=2432 RO-data=656 RW-data=0 ZI-data=1256  
FromELF: creating hex file...
"UART_spNet.axf" - 0 Error(s), 0 Warning(s).
Rebuild target 'Target 1'
assembling Startup.s...
compiling main.c...
linking...
Program Size: Code=2432 RO-data=656 RW-data=0 ZI-data=1256  
FromELF: creating hex file...
"UART_spNet.axf" - 0 Error(s), 0 Warning(s).
Build target 'Target 1'
compiling S - Box P layer Key XOR for 31 rounds.c...
S - Box P layer Key XOR for 31 rounds.c(13): warning:  #177-D: variable "r" was declared but never referenced
linking...
Program Size: Code=1944 RO-data=32 RW-data=320 ZI-data=1256  
FromELF: creating hex file...
"UART_spNet.axf" - 0 Error(s), 1 Warning(s).
Rebuild target 'Target 1'
assembling Startup.s...
compiling S - Box P layer Key XOR for 31 rounds.c...
S - Box P layer Key XOR for 31 rounds.c(13): warning:  #177-D: variable "r" was declared but never referenced
linking...
Program Size: Code=1944 RO-data=32 RW-data=320 ZI-data=1256  
FromELF: creating hex file...
"UART_spNet.axf" - 0 Error(s), 1 Warning(s).
