ARM Linker, 4.1 [Build 894] [Evaluation]

==============================================================================

Section Cross References

    startup.o(STACK) refers (Special) to heapauxi.o(.text) for __use_two_region_memory
    startup.o(HEAP) refers (Special) to heapauxi.o(.text) for __use_two_region_memory
    startup.o(RESET) refers (Special) to heapauxi.o(.text) for __use_two_region_memory
    startup.o(RESET) refers to startup.o(STACK) for Stack_Top
    startup.o(RESET) refers to __main.o(!!!main) for __main
    startup.o(.text) refers (Special) to heapauxi.o(.text) for __use_two_region_memory
    startup.o(.text) refers to startup.o(HEAP) for Heap_Mem
    startup.o(.text) refers to startup.o(STACK) for Stack_Mem
    main.o(.text) refers to aeabi_sdiv.o(.text) for __aeabi_idivmod
    main.o(.text) refers to rt_memcpy_w.o(.text) for __aeabi_memcpy4
    main.o(.text) refers to llshl.o(.text) for __aeabi_llsl
    main.o(.text) refers to llushr.o(.text) for __aeabi_llsr
    main.o(.text) refers to main.o(.constdata) for .constdata
    aeabi_sdiv.o(.text_udiv) refers to aeabi_sdiv.o(.text) for __arm_div2
    aeabi_sdiv_div0.o(.text_udiv) refers to aeabi_sdiv_div0.o(.text) for __arm_div2
    __main.o(!!!main) refers to rtentry.o(.ARM.Collect$$rtentry$$00000000) for __rt_entry
    rtentry.o(.ARM.Collect$$rtentry$$00000000) refers (Special) to rtentry2.o(.ARM.Collect$$rtentry$$0000000A) for __rt_entry_li
    rtentry.o(.ARM.Collect$$rtentry$$00000000) refers (Special) to rtentry2.o(.ARM.Collect$$rtentry$$0000000D) for __rt_entry_main
    rtentry.o(.ARM.Collect$$rtentry$$00000000) refers (Special) to rtentry2.o(.ARM.Collect$$rtentry$$0000000C) for __rt_entry_postli_1
    rtentry.o(.ARM.Collect$$rtentry$$00000000) refers (Special) to rtentry2.o(.ARM.Collect$$rtentry$$00000009) for __rt_entry_postsh_1
    rtentry.o(.ARM.Collect$$rtentry$$00000000) refers (Special) to rtentry2.o(.ARM.Collect$$rtentry$$00000002) for __rt_entry_presh_1
    rtentry.o(.ARM.Collect$$rtentry$$00000000) refers (Special) to rtentry4.o(.ARM.Collect$$rtentry$$00000004) for __rt_entry_sh
    aeabi_idiv0_sigfpe.o(.text) refers to rt_div0.o(.text) for __rt_div0
    rtentry2.o(.ARM.Collect$$rtentry$$00000008) refers to boardinit2.o(.text) for _platform_post_stackheap_init
    rtentry2.o(.ARM.Collect$$rtentry$$0000000A) refers to libinit.o(.ARM.Collect$$libinit$$00000000) for __rt_lib_init
    rtentry2.o(.ARM.Collect$$rtentry$$0000000B) refers to boardinit3.o(.text) for _platform_post_lib_init
    rtentry2.o(.ARM.Collect$$rtentry$$0000000D) refers to exit.o(.text) for exit
    rtentry2.o(.ARM.Collect$$rtentry$$0000000D) refers to main.o(.text) for main
    rtentry2.o(.ARM.exidx) refers to rtentry2.o(.ARM.Collect$$rtentry$$00000001) for .ARM.Collect$$rtentry$$00000001
    rtentry2.o(.ARM.exidx) refers to rtentry2.o(.ARM.Collect$$rtentry$$00000008) for .ARM.Collect$$rtentry$$00000008
    rtentry2.o(.ARM.exidx) refers to rtentry2.o(.ARM.Collect$$rtentry$$0000000A) for .ARM.Collect$$rtentry$$0000000A
    rtentry2.o(.ARM.exidx) refers to rtentry2.o(.ARM.Collect$$rtentry$$0000000B) for .ARM.Collect$$rtentry$$0000000B
    rtentry2.o(.ARM.exidx) refers to rtentry2.o(.ARM.Collect$$rtentry$$0000000D) for .ARM.Collect$$rtentry$$0000000D
    rtentry4.o(.ARM.Collect$$rtentry$$00000004) refers to sys_stackheap_outer.o(.text) for __user_setup_stackheap
    rtentry4.o(.ARM.exidx) refers to rtentry4.o(.ARM.Collect$$rtentry$$00000004) for .ARM.Collect$$rtentry$$00000004
    rt_div0.o(.text) refers to defsig_fpe_outer.o(.text) for __rt_SIGFPE
    sys_stackheap_outer.o(.text) refers to libspace.o(.text) for __user_perproc_libspace
    sys_stackheap_outer.o(.text) refers to startup.o(.text) for __user_initial_stackheap
    exit.o(.text) refers to rtexit.o(.ARM.Collect$$rtexit$$00000000) for __rt_exit
    defsig_fpe_outer.o(.text) refers to defsig_fpe_inner.o(.text) for __rt_SIGFPE_inner
    defsig_fpe_outer.o(.text) refers to defsig_exit.o(.text) for __sig_exit
    defsig_fpe_formal.o(.text) refers to rt_raise.o(.text) for __rt_raise
    libinit.o(.ARM.Collect$$libinit$$00000000) refers (Special) to libinit2.o(.ARM.Collect$$libinit$$0000002A) for __rt_lib_init_alloca_1
    libinit.o(.ARM.Collect$$libinit$$00000000) refers (Special) to libinit2.o(.ARM.Collect$$libinit$$00000028) for __rt_lib_init_argv_1
    libinit.o(.ARM.Collect$$libinit$$00000000) refers (Special) to libinit2.o(.ARM.Collect$$libinit$$00000017) for __rt_lib_init_atexit_1
    libinit.o(.ARM.Collect$$libinit$$00000000) refers (Special) to libinit2.o(.ARM.Collect$$libinit$$0000001D) for __rt_lib_init_clock_1
    libinit.o(.ARM.Collect$$libinit$$00000000) refers (Special) to libinit2.o(.ARM.Collect$$libinit$$0000002E) for __rt_lib_init_cpp_1
    libinit.o(.ARM.Collect$$libinit$$00000000) refers (Special) to libinit2.o(.ARM.Collect$$libinit$$0000002C) for __rt_lib_init_exceptions_1
    libinit.o(.ARM.Collect$$libinit$$00000000) refers (Special) to libinit2.o(.ARM.Collect$$libinit$$0000001B) for __rt_lib_init_fp_trap_1
    libinit.o(.ARM.Collect$$libinit$$00000000) refers (Special) to libinit2.o(.ARM.Collect$$libinit$$0000001F) for __rt_lib_init_getenv_1
    libinit.o(.ARM.Collect$$libinit$$00000000) refers (Special) to libinit2.o(.ARM.Collect$$libinit$$00000006) for __rt_lib_init_heap_1
    libinit.o(.ARM.Collect$$libinit$$00000000) refers (Special) to libinit2.o(.ARM.Collect$$libinit$$0000000D) for __rt_lib_init_lc_collate_1
    libinit.o(.ARM.Collect$$libinit$$00000000) refers (Special) to libinit2.o(.ARM.Collect$$libinit$$0000000F) for __rt_lib_init_lc_ctype_1
    libinit.o(.ARM.Collect$$libinit$$00000000) refers (Special) to libinit2.o(.ARM.Collect$$libinit$$00000011) for __rt_lib_init_lc_monetary_1
    libinit.o(.ARM.Collect$$libinit$$00000000) refers (Special) to libinit2.o(.ARM.Collect$$libinit$$00000013) for __rt_lib_init_lc_numeric_1
    libinit.o(.ARM.Collect$$libinit$$00000000) refers (Special) to libinit2.o(.ARM.Collect$$libinit$$00000015) for __rt_lib_init_lc_time_1
    libinit.o(.ARM.Collect$$libinit$$00000000) refers (Special) to libinit2.o(.ARM.Collect$$libinit$$0000000A) for __rt_lib_init_rand_1
    libinit.o(.ARM.Collect$$libinit$$00000000) refers (Special) to libinit2.o(.ARM.Collect$$libinit$$0000002F) for __rt_lib_init_return
    libinit.o(.ARM.Collect$$libinit$$00000000) refers (Special) to libinit2.o(.ARM.Collect$$libinit$$00000019) for __rt_lib_init_signal_1
    libinit.o(.ARM.Collect$$libinit$$00000000) refers (Special) to libinit2.o(.ARM.Collect$$libinit$$00000021) for __rt_lib_init_stdio_1
    libinit.o(.ARM.Collect$$libinit$$00000000) refers (Special) to libinit2.o(.ARM.Collect$$libinit$$00000008) for __rt_lib_init_user_alloc_1
    libinit.o(.ARM.Collect$$libinit$$00000000) refers to fpinit.o(x$fpl$fpinit) for _fp_init
    libspace.o(.text) refers to libspace.o(.bss) for __libspace_start
    rtexit.o(.ARM.Collect$$rtexit$$00000000) refers (Special) to rtexit2.o(.ARM.Collect$$rtexit$$00000004) for __rt_exit_exit
    rtexit.o(.ARM.Collect$$rtexit$$00000000) refers (Special) to rtexit2.o(.ARM.Collect$$rtexit$$00000003) for __rt_exit_ls
    rtexit.o(.ARM.Collect$$rtexit$$00000000) refers (Special) to rtexit2.o(.ARM.Collect$$rtexit$$00000002) for __rt_exit_prels_1
    rtexit.o(.ARM.exidx) refers (Special) to rtexit2.o(.ARM.Collect$$rtexit$$00000004) for __rt_exit_exit
    rtexit.o(.ARM.exidx) refers (Special) to rtexit2.o(.ARM.Collect$$rtexit$$00000003) for __rt_exit_ls
    rtexit.o(.ARM.exidx) refers (Special) to rtexit2.o(.ARM.Collect$$rtexit$$00000002) for __rt_exit_prels_1
    rtexit.o(.ARM.exidx) refers to rtexit.o(.ARM.Collect$$rtexit$$00000000) for .ARM.Collect$$rtexit$$00000000
    rt_raise.o(.text) refers to __raise.o(.text) for __raise
    rt_raise.o(.text) refers to sys_exit.o(.text) for _sys_exit
    defsig_exit.o(.text) refers to sys_exit.o(.text) for _sys_exit
    defsig_fpe_inner.o(.text) refers to defsig_general.o(.text) for __default_signal_display
    libinit2.o(.ARM.Collect$$libinit$$0000000C) refers to libinit2.o(.ARM.Collect$$libinit$$0000000B) for .ARM.Collect$$libinit$$0000000B
    libinit2.o(.ARM.Collect$$libinit$$0000000E) refers to libinit2.o(.ARM.Collect$$libinit$$0000000B) for .ARM.Collect$$libinit$$0000000B
    libinit2.o(.ARM.Collect$$libinit$$00000010) refers to libinit2.o(.ARM.Collect$$libinit$$0000000B) for .ARM.Collect$$libinit$$0000000B
    libinit2.o(.ARM.Collect$$libinit$$00000012) refers to libinit2.o(.ARM.Collect$$libinit$$0000000B) for .ARM.Collect$$libinit$$0000000B
    libinit2.o(.ARM.Collect$$libinit$$00000014) refers to libinit2.o(.ARM.Collect$$libinit$$0000000B) for .ARM.Collect$$libinit$$0000000B
    libinit2.o(.ARM.Collect$$libinit$$00000022) refers to argv_veneer.o(.emb_text) for __ARM_argv_veneer
    libinit2.o(.ARM.Collect$$libinit$$00000023) refers to argv_veneer.o(.emb_text) for __ARM_argv_veneer
    fpinit.o(x$fpl$fpinit) refers to rt_fp_status_addr_intlibspace.o(.text) for __rt_fp_status_addr
    sys_exit.o(.text) refers (Special) to use_no_semi.o(.text) for __I$use$semihosting
    sys_exit.o(.text) refers (Special) to indicate_semi.o(.text) for __semihosting_library_function
    rtexit2.o(.ARM.Collect$$rtexit$$00000003) refers to libshutdown.o(.ARM.Collect$$libshutdown$$00000000) for __rt_lib_shutdown
    rtexit2.o(.ARM.Collect$$rtexit$$00000004) refers to sys_exit.o(.text) for _sys_exit
    rtexit2.o(.ARM.exidx) refers to rtexit2.o(.ARM.Collect$$rtexit$$00000001) for .ARM.Collect$$rtexit$$00000001
    rtexit2.o(.ARM.exidx) refers to rtexit2.o(.ARM.Collect$$rtexit$$00000003) for .ARM.Collect$$rtexit$$00000003
    rtexit2.o(.ARM.exidx) refers to rtexit2.o(.ARM.Collect$$rtexit$$00000004) for .ARM.Collect$$rtexit$$00000004
    rt_fp_status_addr.o(.text) refers to rt_fp_status_addr.o(.bss) for __rt_fp_status_addr_data
    rt_fp_status_addr_intlibspace.o(.text) refers to libspace.o(.bss) for __libspace_start
    __raise.o(.text) refers to __raise.o(i.__ARM_common_call_via_r2) for __ARM_common_call_via_r2
    __raise.o(.text) refers to defsig.o(CL$$defsig) for __default_signal_handler
    defsig_general.o(.text) refers to sys_wrch.o(.text) for _ttywrch
    argv_veneer.o(.emb_text) refers to no_argv.o(.text) for __ARM_get_argv
    sys_wrch.o(.text) refers (Special) to use_no_semi.o(.text) for __I$use$semihosting
    sys_wrch.o(.text) refers (Special) to indicate_semi.o(.text) for __semihosting_library_function
    defsig.o(CL$$defsig) refers to defsig_fpe_inner.o(.text) for __rt_SIGFPE_inner
    defsig.o(CL$$defsig) refers to defsig_rtmem_inner.o(.text) for __rt_SIGRTMEM_inner
    _get_argv_nomalloc.o(.text) refers (Special) to hrguard.o(.text) for __heap_region$guard
    _get_argv_nomalloc.o(.text) refers to defsig_rtmem_outer.o(.text) for __rt_SIGRTMEM
    _get_argv_nomalloc.o(.text) refers to sys_command.o(.text) for _sys_command_string
    libshutdown.o(.ARM.Collect$$libshutdown$$00000000) refers (Special) to libshutdown2.o(.ARM.Collect$$libshutdown$$00000006) for __rt_lib_shutdown_fp_trap_1
    libshutdown.o(.ARM.Collect$$libshutdown$$00000000) refers (Special) to libshutdown2.o(.ARM.Collect$$libshutdown$$0000000E) for __rt_lib_shutdown_heap_1
    libshutdown.o(.ARM.Collect$$libshutdown$$00000000) refers (Special) to libshutdown2.o(.ARM.Collect$$libshutdown$$0000000F) for __rt_lib_shutdown_return
    libshutdown.o(.ARM.Collect$$libshutdown$$00000000) refers (Special) to libshutdown2.o(.ARM.Collect$$libshutdown$$00000009) for __rt_lib_shutdown_signal_1
    libshutdown.o(.ARM.Collect$$libshutdown$$00000000) refers (Special) to libshutdown2.o(.ARM.Collect$$libshutdown$$00000003) for __rt_lib_shutdown_stdio_1
    libshutdown.o(.ARM.Collect$$libshutdown$$00000000) refers (Special) to libshutdown2.o(.ARM.Collect$$libshutdown$$0000000B) for __rt_lib_shutdown_user_alloc_1
    sys_command.o(.text) refers (Special) to use_no_semi.o(.text) for __I$use$semihosting
    sys_command.o(.text) refers (Special) to indicate_semi.o(.text) for __semihosting_library_function
    defsig_abrt_inner.o(.text) refers to defsig_general.o(.text) for __default_signal_display
    defsig_rtred_inner.o(.text) refers to defsig_general.o(.text) for __default_signal_display
    defsig_rtmem_inner.o(.text) refers to defsig_general.o(.text) for __default_signal_display
    defsig_rtmem_outer.o(.text) refers to defsig_rtmem_inner.o(.text) for __rt_SIGRTMEM_inner
    defsig_rtmem_outer.o(.text) refers to defsig_exit.o(.text) for __sig_exit
    defsig_rtmem_formal.o(.text) refers to rt_raise.o(.text) for __rt_raise
    defsig_stak_inner.o(.text) refers to defsig_general.o(.text) for __default_signal_display
    defsig_pvfn_inner.o(.text) refers to defsig_general.o(.text) for __default_signal_display
    defsig_cppl_inner.o(.text) refers to defsig_general.o(.text) for __default_signal_display
    defsig_segv_inner.o(.text) refers to defsig_general.o(.text) for __default_signal_display
    defsig_other.o(.text) refers to defsig_general.o(.text) for __default_signal_display


==============================================================================

Removing Unused input sections from the image.

    Removing startup.o(RESET), (272 bytes).

1 unused section(s) (total 272 bytes) removed from the image.

==============================================================================

Adding Veneers to the image

    Adding AT veneer (8 bytes, Inline) for call to '__rt_lib_init' from rtentry2.o(.ARM.Collect$$rtentry$$0000000A).
    Adding AT veneer (8 bytes, Inline) for call to '__rt_lib_shutdown' from rtexit2.o(.ARM.Collect$$rtexit$$00000003).
    Adding TA veneer (4 bytes, Inline) for call to '__rt_exit' from exit.o(.text).
    Adding AT veneer (8 bytes, Inline) for call to '_sys_exit' from rtexit2.o(.ARM.Collect$$rtexit$$00000004).
    Adding TA veneer (4 bytes, Inline) for call to '_fp_init' from libinit.o(.ARM.Collect$$libinit$$00000000).

5 Veneer(s) (total 32 bytes) added to the image.

==============================================================================

Image Symbol Table

    Local Symbols

    Symbol Name                              Value     Ov Type        Size  Object(Section)

    !!!main                                  0x00000000   Section        8  __main.o(!!!main)
    ../../angel/boardlib.s                   0x00000000   Number         0  boardinit1.o ABSOLUTE
    ../../angel/boardlib.s                   0x00000000   Number         0  boardshut.o ABSOLUTE
    ../../angel/boardlib.s                   0x00000000   Number         0  boardinit2.o ABSOLUTE
    ../../angel/boardlib.s                   0x00000000   Number         0  boardinit3.o ABSOLUTE
    ../../angel/handlers.s                   0x00000000   Number         0  __scatter_zi.o ABSOLUTE
    ../../angel/kernel.s                     0x00000000   Number         0  rtentry.o ABSOLUTE
    ../../angel/kernel.s                     0x00000000   Number         0  rtentry4.o ABSOLUTE
    ../../angel/kernel.s                     0x00000000   Number         0  rtentry2.o ABSOLUTE
    ../../angel/kernel.s                     0x00000000   Number         0  rtexit.o ABSOLUTE
    ../../angel/kernel.s                     0x00000000   Number         0  rtexit2.o ABSOLUTE
    ../../angel/rt.s                         0x00000000   Number         0  aeabi_idiv0.o ABSOLUTE
    ../../angel/rt.s                         0x00000000   Number         0  rt_raise.o ABSOLUTE
    ../../angel/rt.s                         0x00000000   Number         0  rt_div0.o ABSOLUTE
    ../../angel/rt.s                         0x00000000   Number         0  aeabi_idiv0_sigfpe.o ABSOLUTE
    ../../angel/rt.s                         0x00000000   Number         0  rt_fp_status_addr_intlibspace.o ABSOLUTE
    ../../angel/rt.s                         0x00000000   Number         0  rt_fp_status_addr.o ABSOLUTE
    ../../angel/scatter.s                    0x00000000   Number         0  __scatter.o ABSOLUTE
    ../../angel/startup.s                    0x00000000   Number         0  __main.o ABSOLUTE
    ../../angel/sys.s                        0x00000000   Number         0  libspace.o ABSOLUTE
    ../../angel/sys.s                        0x00000000   Number         0  sys_stackheap_outer.o ABSOLUTE
    ../../angel/sys.s                        0x00000000   Number         0  use_no_semi.o ABSOLUTE
    ../../angel/sys.s                        0x00000000   Number         0  indicate_semi.o ABSOLUTE
    ../../angel/sysapp.c                     0x00000000   Number         0  sys_exit.o ABSOLUTE
    ../../angel/sysapp.c                     0x00000000   Number         0  sys_command.o ABSOLUTE
    ../../angel/sysapp.c                     0x00000000   Number         0  sys_wrch.o ABSOLUTE
    ../../armsys.c                           0x00000000   Number         0  argv_veneer.o ABSOLUTE
    ../../armsys.c                           0x00000000   Number         0  argv_veneer.o ABSOLUTE
    ../../armsys.c                           0x00000000   Number         0  no_argv.o ABSOLUTE
    ../../armsys.c                           0x00000000   Number         0  _get_argv_nomalloc.o ABSOLUTE
    ../../division.s                         0x00000000   Number         0  aeabi_sdiv_div0.o ABSOLUTE
    ../../division.s                         0x00000000   Number         0  aeabi_sdiv.o ABSOLUTE
    ../../divrt.s                            0x00000000   Number         0  divrt_7tdmi.o ABSOLUTE
    ../../divrt.s                            0x00000000   Number         0  divrt_7tdmi_div0.o ABSOLUTE
    ../../fpinit.s                           0x00000000   Number         0  fpinit.o ABSOLUTE
    ../../heapalloc.c                        0x00000000   Number         0  hrguard.o ABSOLUTE
    ../../heapaux.c                          0x00000000   Number         0  heapauxi.o ABSOLUTE
    ../../libinit.s                          0x00000000   Number         0  libshutdown2.o ABSOLUTE
    ../../libinit.s                          0x00000000   Number         0  libinit2.o ABSOLUTE
    ../../libinit.s                          0x00000000   Number         0  libshutdown.o ABSOLUTE
    ../../libinit.s                          0x00000000   Number         0  libinit.o ABSOLUTE
    ../../longlong.s                         0x00000000   Number         0  llshl.o ABSOLUTE
    ../../longlong.s                         0x00000000   Number         0  llushr.o ABSOLUTE
    ../../memcpset.s                         0x00000000   Number         0  rt_memcpy_w.o ABSOLUTE
    ../../signal.c                           0x00000000   Number         0  defsig_general.o ABSOLUTE
    ../../signal.c                           0x00000000   Number         0  defsig_pvfn_inner.o ABSOLUTE
    ../../signal.c                           0x00000000   Number         0  defsig_fpe_formal.o ABSOLUTE
    ../../signal.c                           0x00000000   Number         0  defsig_stak_inner.o ABSOLUTE
    ../../signal.c                           0x00000000   Number         0  defsig_rtmem_outer.o ABSOLUTE
    ../../signal.c                           0x00000000   Number         0  defsig_rtmem_formal.o ABSOLUTE
    ../../signal.c                           0x00000000   Number         0  defsig_rtmem_inner.o ABSOLUTE
    ../../signal.c                           0x00000000   Number         0  __raise.o ABSOLUTE
    ../../signal.c                           0x00000000   Number         0  defsig_fpe_outer.o ABSOLUTE
    ../../signal.c                           0x00000000   Number         0  defsig_rtred_inner.o ABSOLUTE
    ../../signal.c                           0x00000000   Number         0  defsig_abrt_inner.o ABSOLUTE
    ../../signal.c                           0x00000000   Number         0  defsig_other.o ABSOLUTE
    ../../signal.c                           0x00000000   Number         0  defsig_segv_inner.o ABSOLUTE
    ../../signal.c                           0x00000000   Number         0  defsig_cppl_inner.o ABSOLUTE
    ../../signal.c                           0x00000000   Number         0  defsig_exit.o ABSOLUTE
    ../../signal.c                           0x00000000   Number         0  defsig_fpe_inner.o ABSOLUTE
    ../../signal.s                           0x00000000   Number         0  defsig.o ABSOLUTE
    ../../stdlib.c                           0x00000000   Number         0  exit.o ABSOLUTE
    Startup.s                                0x00000000   Number         0  startup.o ABSOLUTE
    dc.s                                     0x00000000   Number         0  dc.o ABSOLUTE
    main.c                                   0x00000000   Number         0  main.o ABSOLUTE
    !!!scatter                               0x00000008   Section       60  __scatter.o(!!!scatter)
    !!handler_zi                             0x00000044   Section       44  __scatter_zi.o(!!handler_zi)
    .ARM.Collect$$libinit$$00000000          0x00000078   Section        6  libinit.o(.ARM.Collect$$libinit$$00000000)
    .ARM.Collect$$libinit$$00000006          0x0000007e   Section        0  libinit2.o(.ARM.Collect$$libinit$$00000006)
    .ARM.Collect$$libinit$$00000008          0x0000007e   Section        0  libinit2.o(.ARM.Collect$$libinit$$00000008)
    .ARM.Collect$$libinit$$0000000A          0x0000007e   Section        0  libinit2.o(.ARM.Collect$$libinit$$0000000A)
    .ARM.Collect$$libinit$$0000000D          0x0000007e   Section        0  libinit2.o(.ARM.Collect$$libinit$$0000000D)
    .ARM.Collect$$libinit$$0000000F          0x0000007e   Section        0  libinit2.o(.ARM.Collect$$libinit$$0000000F)
    .ARM.Collect$$libinit$$00000011          0x0000007e   Section        0  libinit2.o(.ARM.Collect$$libinit$$00000011)
    .ARM.Collect$$libinit$$00000013          0x0000007e   Section        0  libinit2.o(.ARM.Collect$$libinit$$00000013)
    .ARM.Collect$$libinit$$00000015          0x0000007e   Section        0  libinit2.o(.ARM.Collect$$libinit$$00000015)
    .ARM.Collect$$libinit$$00000017          0x0000007e   Section        0  libinit2.o(.ARM.Collect$$libinit$$00000017)
    .ARM.Collect$$libinit$$00000019          0x0000007e   Section        0  libinit2.o(.ARM.Collect$$libinit$$00000019)
    .ARM.Collect$$libinit$$0000001B          0x0000007e   Section        0  libinit2.o(.ARM.Collect$$libinit$$0000001B)
    .ARM.Collect$$libinit$$0000001D          0x0000007e   Section        0  libinit2.o(.ARM.Collect$$libinit$$0000001D)
    .ARM.Collect$$libinit$$0000001F          0x0000007e   Section        0  libinit2.o(.ARM.Collect$$libinit$$0000001F)
    .ARM.Collect$$libinit$$00000021          0x0000007e   Section        0  libinit2.o(.ARM.Collect$$libinit$$00000021)
    .ARM.Collect$$libinit$$00000028          0x0000007e   Section        0  libinit2.o(.ARM.Collect$$libinit$$00000028)
    .ARM.Collect$$libinit$$0000002A          0x0000007e   Section        0  libinit2.o(.ARM.Collect$$libinit$$0000002A)
    .ARM.Collect$$libinit$$0000002C          0x0000007e   Section        0  libinit2.o(.ARM.Collect$$libinit$$0000002C)
    .ARM.Collect$$libinit$$0000002E          0x0000007e   Section        0  libinit2.o(.ARM.Collect$$libinit$$0000002E)
    .ARM.Collect$$libinit$$0000002F          0x0000007e   Section       12  libinit2.o(.ARM.Collect$$libinit$$0000002F)
    .ARM.Collect$$libshutdown$$00000000      0x00000094   Section        4  libshutdown.o(.ARM.Collect$$libshutdown$$00000000)
    .ARM.Collect$$libshutdown$$00000003      0x00000098   Section        0  libshutdown2.o(.ARM.Collect$$libshutdown$$00000003)
    .ARM.Collect$$libshutdown$$00000006      0x00000098   Section        0  libshutdown2.o(.ARM.Collect$$libshutdown$$00000006)
    .ARM.Collect$$libshutdown$$00000009      0x00000098   Section        0  libshutdown2.o(.ARM.Collect$$libshutdown$$00000009)
    .ARM.Collect$$libshutdown$$0000000B      0x00000098   Section        0  libshutdown2.o(.ARM.Collect$$libshutdown$$0000000B)
    .ARM.Collect$$libshutdown$$0000000E      0x00000098   Section        0  libshutdown2.o(.ARM.Collect$$libshutdown$$0000000E)
    .ARM.Collect$$libshutdown$$0000000F      0x00000098   Section        6  libshutdown2.o(.ARM.Collect$$libshutdown$$0000000F)
    .ARM.Collect$$rtentry$$00000000          0x000000a0   Section        0  rtentry.o(.ARM.Collect$$rtentry$$00000000)
    .ARM.Collect$$rtentry$$00000002          0x000000a0   Section        0  rtentry2.o(.ARM.Collect$$rtentry$$00000002)
    .ARM.Collect$$rtentry$$00000004          0x000000a0   Section        8  rtentry4.o(.ARM.Collect$$rtentry$$00000004)
    .ARM.Collect$$rtentry$$00000009          0x000000a8   Section        0  rtentry2.o(.ARM.Collect$$rtentry$$00000009)
    .ARM.Collect$$rtentry$$0000000A          0x000000a8   Section        4  rtentry2.o(.ARM.Collect$$rtentry$$0000000A)
    .ARM.Collect$$rtentry$$0000000C          0x000000ac   Section        0  rtentry2.o(.ARM.Collect$$rtentry$$0000000C)
    .ARM.Collect$$rtentry$$0000000D          0x000000ac   Section       40  rtentry2.o(.ARM.Collect$$rtentry$$0000000D)
    .ARM.Collect$$rtexit$$00000000           0x000000d8   Section        4  rtexit.o(.ARM.Collect$$rtexit$$00000000)
    .ARM.Collect$$rtexit$$00000002           0x000000dc   Section        0  rtexit2.o(.ARM.Collect$$rtexit$$00000002)
    .ARM.Collect$$rtexit$$00000003           0x000000dc   Section        4  rtexit2.o(.ARM.Collect$$rtexit$$00000003)
    .ARM.Collect$$rtexit$$00000004           0x000000e0   Section        8  rtexit2.o(.ARM.Collect$$rtexit$$00000004)
    .text                                    0x000000e8   Section       32  startup.o(.text)
    .text                                    0x00000108   Section        0  main.o(.text)
    .text                                    0x000006b0   Section       40  llshl.o(.text)
    .text                                    0x000006d8   Section       40  llushr.o(.text)
    .text                                    0x00000700   Section      100  rt_memcpy_w.o(.text)
    .text                                    0x00000764   Section      384  aeabi_sdiv.o(.text)
    __arm_div8                               0x00000790   ARM Code       0  aeabi_sdiv.o(.text)
    __arm_div5                               0x000007b4   ARM Code       0  aeabi_sdiv.o(.text)
    __arm_div2                               0x000007d8   ARM Code       0  aeabi_sdiv.o(.text)
    __arm_div_large                          0x00000814   ARM Code       0  aeabi_sdiv.o(.text)
    .text                                    0x000008e4   Section        0  heapauxi.o(.text)
    .text                                    0x000008ec   Section       96  sys_stackheap_outer.o(.text)
    .text                                    0x0000094c   Section        0  exit.o(.text)
    .text                                    0x00000958   Section       12  libspace.o(.text)
    .text                                    0x0000096c   Section        0  sys_exit.o(.text)
    .text                                    0x00000978   Section       12  rt_fp_status_addr_intlibspace.o(.text)
    .text                                    0x00000984   Section        4  use_no_semi.o(.text)
    .text                                    0x00000988   Section        0  indicate_semi.o(.text)
    x$fpl$fpinit                             0x0000098c   Section       24  fpinit.o(x$fpl$fpinit)
    .constdata                               0x000009a8   Section      384  main.o(.constdata)
    .bss                                     0x40000000   Section       96  libspace.o(.bss)
    HEAP                                     0x40000060   Section        0  startup.o(HEAP)
    STACK                                    0x40000060   Section     1160  startup.o(STACK)
    Heap_Mem                                 0x40000060   Data           0  startup.o(HEAP)
    Stack_Mem                                0x40000060   Data        1024  startup.o(STACK)
    Stack_Top                                0x400004e8   Data           0  startup.o(STACK)

    Global Symbols

    Symbol Name                              Value     Ov Type        Size  Object(Section)

    BuildAttributes$$THM_ISAv1$ARM_ISAv4$S$PE$A:L22$X:L11$S22$IEEE1$IW$USESV6$~STKCKD$USESV7$~SHL$OSPACE$ROPI$EBA8$UX$STANDARDLIB$REQ8$PRES8$EABIv2 0x00000000   Number         0  anon$$obj.o ABSOLUTE
    __ARM_use_no_argv                        0x00000000   Number         0  main.o ABSOLUTE
    __main                                   0x00000000   ARM Code       8  __main.o(!!!main)
    __ARM_exceptions_init                     - Undefined Weak Reference
    __alloca_initialize                       - Undefined Weak Reference
    __cpp_initialize__aeabi_                  - Undefined Weak Reference
    __cxa_finalize                            - Undefined Weak Reference
    __rt_locale                               - Undefined Weak Reference
    __sigvec_lookup                           - Undefined Weak Reference
    _atexit_init                              - Undefined Weak Reference
    _call_atexit_fns                          - Undefined Weak Reference
    _clock_init                               - Undefined Weak Reference
    _fp_trap_init                             - Undefined Weak Reference
    _fp_trap_shutdown                         - Undefined Weak Reference
    _get_lc_collate                           - Undefined Weak Reference
    _get_lc_ctype                             - Undefined Weak Reference
    _get_lc_monetary                          - Undefined Weak Reference
    _get_lc_numeric                           - Undefined Weak Reference
    _get_lc_time                              - Undefined Weak Reference
    _getenv_init                              - Undefined Weak Reference
    _handle_redirection                       - Undefined Weak Reference
    _init_alloc                               - Undefined Weak Reference
    _init_user_alloc                          - Undefined Weak Reference
    _initio                                   - Undefined Weak Reference
    _rand_init                                - Undefined Weak Reference
    _signal_finish                            - Undefined Weak Reference
    _signal_init                              - Undefined Weak Reference
    _terminate_alloc                          - Undefined Weak Reference
    _terminate_user_alloc                     - Undefined Weak Reference
    _terminateio                              - Undefined Weak Reference
    __scatterload                            0x00000008   ARM Code       0  __scatter.o(!!!scatter)
    __scatterload_rt2                        0x00000008   ARM Code      52  __scatter.o(!!!scatter)
    __scatterload_null                       0x0000001c   ARM Code       0  __scatter.o(!!!scatter)
    __scatterload_zeroinit                   0x00000044   ARM Code      44  __scatter_zi.o(!!handler_zi)
    Inline ARM to Thumb Veneer to __rt_lib_init 0x00000070   ARM Code       8  libinit.o(.ARM.Collect$$libinit$$00000000)
    __rt_lib_init                            0x00000079   Thumb Code     0  libinit.o(.ARM.Collect$$libinit$$00000000)
    __rt_lib_init_alloca_1                   0x0000007f   Thumb Code     0  libinit2.o(.ARM.Collect$$libinit$$0000002A)
    __rt_lib_init_argv_1                     0x0000007f   Thumb Code     0  libinit2.o(.ARM.Collect$$libinit$$00000028)
    __rt_lib_init_atexit_1                   0x0000007f   Thumb Code     0  libinit2.o(.ARM.Collect$$libinit$$00000017)
    __rt_lib_init_clock_1                    0x0000007f   Thumb Code     0  libinit2.o(.ARM.Collect$$libinit$$0000001D)
    __rt_lib_init_cpp_1                      0x0000007f   Thumb Code     0  libinit2.o(.ARM.Collect$$libinit$$0000002E)
    __rt_lib_init_exceptions_1               0x0000007f   Thumb Code     0  libinit2.o(.ARM.Collect$$libinit$$0000002C)
    __rt_lib_init_fp_trap_1                  0x0000007f   Thumb Code     0  libinit2.o(.ARM.Collect$$libinit$$0000001B)
    __rt_lib_init_getenv_1                   0x0000007f   Thumb Code     0  libinit2.o(.ARM.Collect$$libinit$$0000001F)
    __rt_lib_init_heap_1                     0x0000007f   Thumb Code     0  libinit2.o(.ARM.Collect$$libinit$$00000006)
    __rt_lib_init_lc_collate_1               0x0000007f   Thumb Code     0  libinit2.o(.ARM.Collect$$libinit$$0000000D)
    __rt_lib_init_lc_ctype_1                 0x0000007f   Thumb Code     0  libinit2.o(.ARM.Collect$$libinit$$0000000F)
    __rt_lib_init_lc_monetary_1              0x0000007f   Thumb Code     0  libinit2.o(.ARM.Collect$$libinit$$00000011)
    __rt_lib_init_lc_numeric_1               0x0000007f   Thumb Code     0  libinit2.o(.ARM.Collect$$libinit$$00000013)
    __rt_lib_init_lc_time_1                  0x0000007f   Thumb Code     0  libinit2.o(.ARM.Collect$$libinit$$00000015)
    __rt_lib_init_rand_1                     0x0000007f   Thumb Code     0  libinit2.o(.ARM.Collect$$libinit$$0000000A)
    __rt_lib_init_return                     0x0000007f   Thumb Code     0  libinit2.o(.ARM.Collect$$libinit$$0000002F)
    __rt_lib_init_signal_1                   0x0000007f   Thumb Code     0  libinit2.o(.ARM.Collect$$libinit$$00000019)
    __rt_lib_init_stdio_1                    0x0000007f   Thumb Code     0  libinit2.o(.ARM.Collect$$libinit$$00000021)
    __rt_lib_init_user_alloc_1               0x0000007f   Thumb Code     0  libinit2.o(.ARM.Collect$$libinit$$00000008)
    Inline ARM to Thumb Veneer to __rt_lib_shutdown 0x0000008c   ARM Code       8  libshutdown.o(.ARM.Collect$$libshutdown$$00000000)
    __rt_lib_shutdown                        0x00000095   Thumb Code     0  libshutdown.o(.ARM.Collect$$libshutdown$$00000000)
    __rt_lib_shutdown_fp_trap_1              0x00000099   Thumb Code     0  libshutdown2.o(.ARM.Collect$$libshutdown$$00000006)
    __rt_lib_shutdown_heap_1                 0x00000099   Thumb Code     0  libshutdown2.o(.ARM.Collect$$libshutdown$$0000000E)
    __rt_lib_shutdown_return                 0x00000099   Thumb Code     0  libshutdown2.o(.ARM.Collect$$libshutdown$$0000000F)
    __rt_lib_shutdown_signal_1               0x00000099   Thumb Code     0  libshutdown2.o(.ARM.Collect$$libshutdown$$00000009)
    __rt_lib_shutdown_stdio_1                0x00000099   Thumb Code     0  libshutdown2.o(.ARM.Collect$$libshutdown$$00000003)
    __rt_lib_shutdown_user_alloc_1           0x00000099   Thumb Code     0  libshutdown2.o(.ARM.Collect$$libshutdown$$0000000B)
    __rt_entry                               0x000000a0   ARM Code       0  rtentry.o(.ARM.Collect$$rtentry$$00000000)
    __rt_entry_presh_1                       0x000000a0   ARM Code       0  rtentry2.o(.ARM.Collect$$rtentry$$00000002)
    __rt_entry_sh                            0x000000a0   ARM Code       0  rtentry4.o(.ARM.Collect$$rtentry$$00000004)
    __rt_entry_li                            0x000000a8   ARM Code       0  rtentry2.o(.ARM.Collect$$rtentry$$0000000A)
    __rt_entry_postsh_1                      0x000000a8   ARM Code       0  rtentry2.o(.ARM.Collect$$rtentry$$00000009)
    __rt_entry_main                          0x000000ac   ARM Code       0  rtentry2.o(.ARM.Collect$$rtentry$$0000000D)
    __rt_entry_postli_1                      0x000000ac   ARM Code       0  rtentry2.o(.ARM.Collect$$rtentry$$0000000C)
    Inline Thumb to ARM Veneer to __rt_exit  0x000000d5   Thumb Code     4  rtexit.o(.ARM.Collect$$rtexit$$00000000)
    __rt_exit                                0x000000d8   ARM Code       0  rtexit.o(.ARM.Collect$$rtexit$$00000000)
    __rt_exit_ls                             0x000000dc   ARM Code       0  rtexit2.o(.ARM.Collect$$rtexit$$00000003)
    __rt_exit_prels_1                        0x000000dc   ARM Code       0  rtexit2.o(.ARM.Collect$$rtexit$$00000002)
    __rt_exit_exit                           0x000000e0   ARM Code       0  rtexit2.o(.ARM.Collect$$rtexit$$00000004)
    __user_initial_stackheap                 0x000000e8   ARM Code       0  startup.o(.text)
    UART_Init                                0x00000108   ARM Code     132  main.o(.text)
    UART_transmit                            0x0000018c   ARM Code      32  main.o(.text)
    UART_receive                             0x000001ac   ARM Code      32  main.o(.text)
    UART_transmit_string                     0x000001cc   ARM Code      48  main.o(.text)
    sBox                                     0x000001fc   ARM Code     140  main.o(.text)
    pBox                                     0x00000288   ARM Code      96  main.o(.text)
    circShift                                0x000002e8   ARM Code      48  main.o(.text)
    main                                     0x00000318   ARM Code     896  main.o(.text)
    __aeabi_llsl                             0x000006b0   ARM Code       0  llshl.o(.text)
    _ll_shift_l                              0x000006b0   ARM Code      40  llshl.o(.text)
    __aeabi_llsr                             0x000006d8   ARM Code       0  llushr.o(.text)
    _ll_ushift_r                             0x000006d8   ARM Code      40  llushr.o(.text)
    __aeabi_memcpy4                          0x00000700   ARM Code       0  rt_memcpy_w.o(.text)
    __aeabi_memcpy8                          0x00000700   ARM Code       0  rt_memcpy_w.o(.text)
    __rt_memcpy_w                            0x00000700   ARM Code     100  rt_memcpy_w.o(.text)
    _memcpy_lastbytes_aligned                0x0000074c   ARM Code       0  rt_memcpy_w.o(.text)
    __aeabi_idiv                             0x00000764   ARM Code       0  aeabi_sdiv.o(.text)
    __aeabi_idivmod                          0x00000764   ARM Code     384  aeabi_sdiv.o(.text)
    __use_two_region_memory                  0x000008e5   Thumb Code     2  heapauxi.o(.text)
    __rt_heap_escrow$2region                 0x000008e7   Thumb Code     2  heapauxi.o(.text)
    __rt_heap_expand$2region                 0x000008e9   Thumb Code     2  heapauxi.o(.text)
    __user_setup_stackheap                   0x000008ec   ARM Code      96  sys_stackheap_outer.o(.text)
    exit                                     0x0000094d   Thumb Code    12  exit.o(.text)
    __user_libspace                          0x00000958   ARM Code      12  libspace.o(.text)
    __user_perproc_libspace                  0x00000958   ARM Code       0  libspace.o(.text)
    __user_perthread_libspace                0x00000958   ARM Code       0  libspace.o(.text)
    Inline ARM to Thumb Veneer to _sys_exit  0x00000964   ARM Code       8  sys_exit.o(.text)
    _sys_exit                                0x0000096d   Thumb Code     8  sys_exit.o(.text)
    __rt_fp_status_addr                      0x00000978   ARM Code      12  rt_fp_status_addr_intlibspace.o(.text)
    __I$use$semihosting                      0x00000984   ARM Code       0  use_no_semi.o(.text)
    __use_no_semihosting_swi                 0x00000984   ARM Code       4  use_no_semi.o(.text)
    Inline Thumb to ARM Veneer to _fp_init   0x00000989   Thumb Code     4  fpinit.o(x$fpl$fpinit)
    __semihosting_library_function           0x00000988   ARM Code       0  indicate_semi.o(.text)
    _fp_init                                 0x0000098c   ARM Code      24  fpinit.o(x$fpl$fpinit)
    __fplib_config_pureend_doubles           0x0000099c   ARM Code       0  fpinit.o(x$fpl$fpinit)
    Region$$Table$$Base                      0x00000b28   Number         0  anon$$obj.o(Region$$Table)
    Region$$Table$$Limit                     0x00000b38   Number         0  anon$$obj.o(Region$$Table)
    __libspace_start                         0x40000000   Data          96  libspace.o(.bss)
    __temporary_stack_top$libspace           0x40000060   Data           0  libspace.o(.bss)



==============================================================================

Memory Map of the image

  Image Entry point : 0x00000000

  Load Region LR_1 (Base: 0x00000000, Size: 0x00000b38, Max: 0xffffffff, ABSOLUTE)

    Execution Region ER_RO (Base: 0x00000000, Size: 0x00000b38, Max: 0xffffffff, ABSOLUTE)

    Base Addr    Size         Type   Attr      Idx    E Section Name        Object

    0x00000000   0x00000008   Code   RO           57  * !!!main             c_t.l(__main.o)
    0x00000008   0x0000003c   Code   RO          226    !!!scatter          c_t.l(__scatter.o)
    0x00000044   0x0000002c   Code   RO          228    !!handler_zi        c_t.l(__scatter_zi.o)
    0x00000070   0x00000008   Ven    RO           94    .ARM.Collect$$libinit$$00000000  c_t.l(libinit.o)
    0x00000078   0x00000006   Code   RO           94    .ARM.Collect$$libinit$$00000000  c_t.l(libinit.o)
    0x0000007e   0x00000000   Code   RO          108    .ARM.Collect$$libinit$$00000006  c_t.l(libinit2.o)
    0x0000007e   0x00000000   Code   RO          110    .ARM.Collect$$libinit$$00000008  c_t.l(libinit2.o)
    0x0000007e   0x00000000   Code   RO          112    .ARM.Collect$$libinit$$0000000A  c_t.l(libinit2.o)
    0x0000007e   0x00000000   Code   RO          115    .ARM.Collect$$libinit$$0000000D  c_t.l(libinit2.o)
    0x0000007e   0x00000000   Code   RO          117    .ARM.Collect$$libinit$$0000000F  c_t.l(libinit2.o)
    0x0000007e   0x00000000   Code   RO          119    .ARM.Collect$$libinit$$00000011  c_t.l(libinit2.o)
    0x0000007e   0x00000000   Code   RO          121    .ARM.Collect$$libinit$$00000013  c_t.l(libinit2.o)
    0x0000007e   0x00000000   Code   RO          123    .ARM.Collect$$libinit$$00000015  c_t.l(libinit2.o)
    0x0000007e   0x00000000   Code   RO          125    .ARM.Collect$$libinit$$00000017  c_t.l(libinit2.o)
    0x0000007e   0x00000000   Code   RO          127    .ARM.Collect$$libinit$$00000019  c_t.l(libinit2.o)
    0x0000007e   0x00000000   Code   RO          129    .ARM.Collect$$libinit$$0000001B  c_t.l(libinit2.o)
    0x0000007e   0x00000000   Code   RO          131    .ARM.Collect$$libinit$$0000001D  c_t.l(libinit2.o)
    0x0000007e   0x00000000   Code   RO          133    .ARM.Collect$$libinit$$0000001F  c_t.l(libinit2.o)
    0x0000007e   0x00000000   Code   RO          135    .ARM.Collect$$libinit$$00000021  c_t.l(libinit2.o)
    0x0000007e   0x00000000   Code   RO          139    .ARM.Collect$$libinit$$00000028  c_t.l(libinit2.o)
    0x0000007e   0x00000000   Code   RO          141    .ARM.Collect$$libinit$$0000002A  c_t.l(libinit2.o)
    0x0000007e   0x00000000   Code   RO          143    .ARM.Collect$$libinit$$0000002C  c_t.l(libinit2.o)
    0x0000007e   0x00000000   Code   RO          145    .ARM.Collect$$libinit$$0000002E  c_t.l(libinit2.o)
    0x0000007e   0x0000000c   Code   RO          146    .ARM.Collect$$libinit$$0000002F  c_t.l(libinit2.o)
    0x0000008a   0x00000002   PAD
    0x0000008c   0x00000008   Ven    RO          184    .ARM.Collect$$libshutdown$$00000000  c_t.l(libshutdown.o)
    0x00000094   0x00000004   Code   RO          184    .ARM.Collect$$libshutdown$$00000000  c_t.l(libshutdown.o)
    0x00000098   0x00000000   Code   RO          211    .ARM.Collect$$libshutdown$$00000003  c_t.l(libshutdown2.o)
    0x00000098   0x00000000   Code   RO          214    .ARM.Collect$$libshutdown$$00000006  c_t.l(libshutdown2.o)
    0x00000098   0x00000000   Code   RO          217    .ARM.Collect$$libshutdown$$00000009  c_t.l(libshutdown2.o)
    0x00000098   0x00000000   Code   RO          219    .ARM.Collect$$libshutdown$$0000000B  c_t.l(libshutdown2.o)
    0x00000098   0x00000000   Code   RO          222    .ARM.Collect$$libshutdown$$0000000E  c_t.l(libshutdown2.o)
    0x00000098   0x00000006   Code   RO          223    .ARM.Collect$$libshutdown$$0000000F  c_t.l(libshutdown2.o)
    0x0000009e   0x00000002   PAD
    0x000000a0   0x00000000   Code   RO           59    .ARM.Collect$$rtentry$$00000000  c_t.l(rtentry.o)
    0x000000a0   0x00000000   Code   RO           65    .ARM.Collect$$rtentry$$00000002  c_t.l(rtentry2.o)
    0x000000a0   0x00000008   Code   RO           77    .ARM.Collect$$rtentry$$00000004  c_t.l(rtentry4.o)
    0x000000a8   0x00000000   Code   RO           67    .ARM.Collect$$rtentry$$00000009  c_t.l(rtentry2.o)
    0x000000a8   0x00000004   Code   RO           68    .ARM.Collect$$rtentry$$0000000A  c_t.l(rtentry2.o)
    0x000000ac   0x00000000   Code   RO           70    .ARM.Collect$$rtentry$$0000000C  c_t.l(rtentry2.o)
    0x000000ac   0x00000028   Code   RO           71    .ARM.Collect$$rtentry$$0000000D  c_t.l(rtentry2.o)
    0x000000d4   0x00000004   Ven    RO           98    .ARM.Collect$$rtexit$$00000000  c_t.l(rtexit.o)
    0x000000d8   0x00000004   Code   RO           98    .ARM.Collect$$rtexit$$00000000  c_t.l(rtexit.o)
    0x000000dc   0x00000000   Code   RO          152    .ARM.Collect$$rtexit$$00000002  c_t.l(rtexit2.o)
    0x000000dc   0x00000004   Code   RO          153    .ARM.Collect$$rtexit$$00000003  c_t.l(rtexit2.o)
    0x000000e0   0x00000008   Code   RO          154    .ARM.Collect$$rtexit$$00000004  c_t.l(rtexit2.o)
    0x000000e8   0x00000020   Code   RO            4    .text               startup.o
    0x00000108   0x000005a8   Code   RO           11    .text               main.o
    0x000006b0   0x00000028   Code   RO           33    .text               c_t.l(llshl.o)
    0x000006d8   0x00000028   Code   RO           35    .text               c_t.l(llushr.o)
    0x00000700   0x00000064   Code   RO           37    .text               c_t.l(rt_memcpy_w.o)
    0x00000764   0x00000180   Code   RO           39    .text               c_t.l(aeabi_sdiv.o)
    0x000008e4   0x00000006   Code   RO           55    .text               c_t.l(heapauxi.o)
    0x000008ea   0x00000002   PAD
    0x000008ec   0x00000060   Code   RO           81    .text               c_t.l(sys_stackheap_outer.o)
    0x0000094c   0x0000000c   Code   RO           83    .text               c_t.l(exit.o)
    0x00000958   0x0000000c   Code   RO           95    .text               c_t.l(libspace.o)
    0x00000964   0x00000008   Ven    RO          149    .text               c_t.l(sys_exit.o)
    0x0000096c   0x0000000c   Code   RO          149    .text               c_t.l(sys_exit.o)
    0x00000978   0x0000000c   Code   RO          161    .text               c_t.l(rt_fp_status_addr_intlibspace.o)
    0x00000984   0x00000004   Code   RO          173    .text               c_t.l(use_no_semi.o)
    0x00000988   0x00000000   Code   RO          175    .text               c_t.l(indicate_semi.o)
    0x00000988   0x00000004   Ven    RO          147    x$fpl$fpinit        fz_ts.l(fpinit.o)
    0x0000098c   0x00000018   Code   RO          147    x$fpl$fpinit        fz_ts.l(fpinit.o)
    0x000009a4   0x00000004   PAD
    0x000009a8   0x00000180   Data   RO           12    .constdata          main.o
    0x00000b28   0x00000010   Data   RO          224    Region$$Table       anon$$obj.o


    Execution Region ER_RW (Base: 0x40000000, Size: 0x00000000, Max: 0xffffffff, ABSOLUTE)

    **** No section assigned to this execution region ****


    Execution Region ER_ZI (Base: 0x40000000, Size: 0x000004e8, Max: 0xffffffff, ABSOLUTE)

    Base Addr    Size         Type   Attr      Idx    E Section Name        Object

    0x40000000   0x00000060   Zero   RW           96    .bss                c_t.l(libspace.o)
    0x40000060   0x00000000   Zero   RW            2    HEAP                startup.o
    0x40000060   0x00000488   Zero   RW            1    STACK               startup.o


==============================================================================

Image component sizes


      Code (inc. data)   RO Data    RW Data    ZI Data      Debug   Object Name

      1448         24        384          0          0       4185   main.o
        32         12          0          0       1160        216   startup.o

    ----------------------------------------------------------------------
      1480         36        400          0       1160       4401   Object Totals
         0          0         16          0          0          0   (incl. Generated)
         0          0          0          0          0          0   (incl. Padding)

    ----------------------------------------------------------------------

      Code (inc. data)   RO Data    RW Data    ZI Data      Debug   Library Member Name

         8          0          0          0          0         68   __main.o
        60          8          0          0          0          0   __scatter.o
        44          0          0          0          0          0   __scatter_zi.o
       384          0          0          0          0         80   aeabi_sdiv.o
        12          0          0          0          0         64   exit.o
         6          0          0          0          0        136   heapauxi.o
         0          0          0          0          0          0   indicate_semi.o
        14          0          0          0          0          0   libinit.o
        12          0          0          0          0          0   libinit2.o
        12          0          0          0          0          0   libshutdown.o
         6          0          0          0          0          0   libshutdown2.o
        12          4          0          0         96         68   libspace.o
        40          0          0          0          0         68   llshl.o
        40          0          0          0          0         68   llushr.o
        12          4          0          0          0         68   rt_fp_status_addr_intlibspace.o
       100          0          0          0          0         80   rt_memcpy_w.o
         0          0          0          0          0          0   rtentry.o
        44          4          0          0          0          0   rtentry2.o
         8          0          0          0          0          0   rtentry4.o
         8          0          0          0          0          0   rtexit.o
        12          0          0          0          0          0   rtexit2.o
        20          4          0          0          0         60   sys_exit.o
        96          0          0          0          0         80   sys_stackheap_outer.o
         4          0          0          0          0         68   use_no_semi.o
        28          0          0          0          0         80   fpinit.o

    ----------------------------------------------------------------------
       992         24          0          0         96        988   Library Totals
        10          0          0          0          0          0   (incl. Padding)

    ----------------------------------------------------------------------

      Code (inc. data)   RO Data    RW Data    ZI Data      Debug   Library Name

       954         24          0          0         96        908   c_t.l
        28          0          0          0          0         80   fz_ts.l

    ----------------------------------------------------------------------
       992         24          0          0         96        988   Library Totals

    ----------------------------------------------------------------------

==============================================================================


      Code (inc. data)   RO Data    RW Data    ZI Data      Debug   

      2472         60        400          0       1256       4833   Grand Totals
      2472         60        400          0       1256       4833   ELF Image Totals
      2472         60        400          0          0          0   ROM Totals

==============================================================================

    Total RO  Size (Code + RO Data)                 2872 (   2.80kB)
    Total RW  Size (RW Data + ZI Data)              1256 (   1.23kB)
    Total ROM Size (Code + RO Data + RW Data)       2872 (   2.80kB)

==============================================================================

